[Empire Worker] Project: myapproved | Task: Growth Team (Continuous SEO). STRICT RULES: (1) ONLY edit app/layout.tsx (or app...
[Empire Worker] Result: I made the following changes to improve the SEO of the project:

### Changes in `app/layout.tsx`
- **Meta Title Updated:** Changed from "MyApproved – Your Reliable Home Service Marketplace" to "MyApproved – Your Trusted Marketplace for Home Services".
- **Meta Description Updated:** Changed from "Connect with reliable home services professionals for all your needs and specialties." to "Discover reliable home services professionals for all your needs.".
- **Open Graph Title Updated:** Changed fro
[Empire Worker] Log written to C:\Users\FC\Desktop\projectredesigns\khamareclarke.com-main\empire-worker-last.log
[Empire Worker] read_file app/layout.tsx

> Build error occurred
TypeError: generate is not a function
    at generateBuildId (C:\Users\FC\Desktop\projectredesigns\khamareclarke.com-main\node_modules\[4mnext[24m\dist\build\generate-build-id.js:12:25)
    at C:\Users\FC\Desktop\projectredesigns\khamareclarke.com-main\node_modules\[4mnext[24m\dist\build\index.js:172:132
    at Span.traceAsyncFn (C:\Users\FC\Desktop\projectredesigns\khamareclarke.com-main\node_modules\[4mnext[24m\dist\trace\trace.js:103:26)
    at C:\Users\FC\Desktop\projectredesigns\khamareclarke.com-main\node_modules\[4mnext[24m\dist\build\index.js:172:78
    at async Span.traceAsyncFn (C:\Users\FC\Desktop\projectredesigns\khamareclarke.com-main\node_modules\[4mnext[24m\dist\trace\trace.js:103:20)
    at async build (C:\Users\FC\Desktop\projectredesigns\khamareclarke.com-main\node_modules\[4mnext[24m\dist\build\index.js:148:29)
[Empire Worker] read_file app/layout.tsx
[Empire Worker] Result: I made the following changes to the project files in response to your request:

1. **Updated `app/layout.tsx`:**
   - Changed the meta title to: **"MyApproved – Your Trusted Home Service Marketplace"**
   - Updated the meta description to: **"Find and connect with reliable home service professionals."**
   - Updated the OG title to: **"MyApproved – Your Trusted Home Service Marketplace"**
   - Updated the OG description to: **"Find and connect with reliable home service professionals."**
   - Up
[Empire Worker] Log written to C:\Users\FC\Desktop\projectredesigns\khamareclarke.com-main\empire-worker-last.log
